[1/702] 'Podington Bear' -> USED_BY [free-music-archive] (606)
[2/702] 'Kosta T' -> USED_BY [free-music-archive] (551)
[3/702] 'Ergo Phizmiz' -> USED_BY [free-music-archive] (567)
[4/702] 'Blue Dot Sessions' -> USED_BY [free-music-archive] (566)
[5/702] 'Lee Rosevere' -> USED_BY [free-music-archive] (394)
[6/702] 'Jahzzar' -> USED_BY [free-music-archive] (329)
[7/702] 'James Kibbie' -> USED_BY [free-music-archive] (319)
[8/702] 'Mr. & Mrs. Smith' -> USED_BY [free-music-archive] (317)
[9/702] 'Ars Sonor' -> USED_BY [free-music-archive] (294)
[10/702] 'Zreen Toyz' -> USED_BY [free-music-archive] (281)
[11/702] 'Jared C. Balogh' -> USED_BY [free-music-archive] (262)
[12/702] 'Steve Combs' -> USED_BY [free-music-archive] (257)
[13/702] 'Derek Clegg' -> USED_BY [free-music-archive] (256)
[14/702] 'Lezet' -> USED_BY [free-music-archive] (249)
[15/702] 'Josh Woodward' -> USED_BY [free-music-archive] (413)
[16/702] 'OsO El roTo' -> USED_BY [free-music-archive] (226)
[17/702] 'The Agrarians' -> USED_BY [free-music-archive] (223)
[18/702] 'The Fucked Up Beat' -> USED_BY [free-music-archive] (219)
[19/702] 'The Impossebulls' -> USED_BY [free-music-archive] (205)
[20/702] 'Tha Silent Partner' -> USED_BY [free-music-archive] (190)
[21/702] 'The Polish Ambassador' -> USED_BY [free-music-archive] (381)
[22/702] 'Monplaisir' -> USED_BY [free-music-archive] (184)
[23/702] 'Ketsa' -> USED_BY [free-music-archive] (180)
[24/702] 'Salakapakka Sound System' -> USED_BY [free-music-archive] (171)
[25/702] 'Glass Boy' -> USED_BY [free-music-archive] (170)
[26/702] 'Anitek' -> USED_BY [free-music-archive] (338)
[27/702] 'Cheese N Pot-C' -> USED_BY [free-music-archive] (167)
[28/702] 'jonas the plugexpert' -> USED_BY [free-music-archive] (164)
[29/702] 'Lobo Loco' -> USED_BY [free-music-archive] (310)
[30/702] 'David Szesztay' -> USED_BY [free-music-archive] (158)
[31/702] 'Nonima' -> USED_BY [free-music-archive] (160)
[32/702] 'Jaan Patterson' -> USED_BY [free-music-archive] (155)
[33/702] 'Big Blood' -> USED_BY [free-music-archive] (163)
[34/702] 'Phemale' -> USED_BY [free-music-archive] (153)
[35/702] 'U Can Unlearn Guitar' -> USED_BY [free-music-archive] (149)
[36/702] 'Kevin MacLeod' -> USED_BY [free-music-archive] (307)
[37/702] 'simon_mathewson' -> USED_BY [free-music-archive] (161)
[38/702] 'Kai Engel' -> USED_BY [free-music-archive] (292)
[39/702] 'Mittimus' -> USED_BY [free-music-archive] (144)
[40/702] 'Cullah' -> USED_BY [free-music-archive] (151)
[41/702] 'Richard Jonas' -> USED_BY [free-music-archive] (132)
[42/702] 'Squire Tuck' -> USED_BY [free-music-archive] (132)
[43/702] 'Scott Holmes' -> USED_BY [free-music-archive] (136)
[44/702] 'Keshco' -> USED_BY [free-music-archive] (126)
[45/702] 'johnny_ripper' -> USED_BY [free-music-archive] (124)
[46/702] 'The Conet Project' -> USED_BY [free-music-archive] (122)
[47/702] 'Schemawound' -> USED_BY [free-music-archive] (122)
[48/702] 'Trans Atlantic Rage' -> USED_BY [free-music-archive] (120)
[49/702] 'Elvis Herod' -> USED_BY [free-music-archive] (116)
[50/702] 'Oblivian Substanshall' -> USED_BY [free-music-archive] (115)
[51/702] 'Bauchamp' -> USED_BY [free-music-archive] (143)
[52/702] 'RÉGIS VICTOR' -> USED_BY [free-music-archive] (113)
[53/702] 'Circus Marcus' -> USED_BY [free-music-archive] (110)
[54/702] 'THF Drenching' -> USED_BY [free-music-archive] (108)
[55/702] 'Disco Missile' -> USED_BY [free-music-archive] (108)
[56/702] 'Monk Turner' -> USED_BY [free-music-archive] (105)
[57/702] 'Telegraphy' -> USED_BY [free-music-archive] (104)
[58/702] 'Learning Music' -> USED_BY [free-music-archive] (103)
[59/702] 'CM aka Creative' -> USED_BY [free-music-archive] (102)
[60/702] 'Section 27 Netlabel' -> USED_BY [free-music-archive] (99)
[61/702] 'ODOR BABY' -> USED_BY [free-music-archive] (99)
[62/702] 'Benjamin Bret' -> USED_BY [free-music-archive] (99)
[63/702] 'Welcome Wizard' -> USED_BY [free-music-archive] (97)
[64/702] 'junior85' -> USED_BY [free-music-archive] (120)
[65/702] 'K. Sparks' -> USED_BY [free-music-archive] (157)
[66/702] 'Fortyone' -> USED_BY [free-music-archive] (98)
[67/702] 'The Scallions' -> USED_BY [free-music-archive] (96)
[68/702] 'Chris Zabriskie' -> USED_BY [free-music-archive] (100)
[69/702] 'Cosmic Analog Ensemble' -> USED_BY [free-music-archive] (108)
[70/702] 'Alaclair Ensemble' -> USED_BY [free-music-archive] (200)
[71/702] 'Bryan Lewis Saunders' -> USED_BY [free-music-archive] (95)
[72/702] 'Nicky Cook' -> USED_BY [free-music-archive] (93)
[73/702] 'Obits' -> USED_BY [free-music-archive] (113)
[74/702] 'Thiaz Itch' -> USED_BY [free-music-archive] (91)
[75/702] 'R. Stevie Moore' -> USED_BY [free-music-archive] (232)
[76/702] 'Krackatoa' -> USED_BY [free-music-archive] (89)
[77/702] 'Ketsa' -> USED_BY [free-music-archive] (89)
[78/702] 'Future Sauce' -> USED_BY [free-music-archive] (88)
[79/702] '+HIRS+' -> USED_BY [free-music-archive] (124)
[80/702] 'mr&mrsBrian' -> USED_BY [free-music-archive] (87)
[81/702] 'POVALISHIN DIVISION' -> USED_BY [free-music-archive] (90)
[82/702] 'Clinical Archives Mix' -> USED_BY [free-music-archive] (87)
[83/702] 'C-Doc' -> USED_BY [free-music-archive] (87)
[84/702] 'Asian Women on the Telephone' -> USED_BY [free-music-archive] (86)
[85/702] 'Roger McGuinn' -> USED_BY [free-music-archive] (255)
[86/702] 'Kevin Bryce' -> USED_BY [free-music-archive] (85)
[87/702] 'Tusk Lord' -> USED_BY [free-music-archive] (84)
[88/702] 'The New Mystikal Troubadours' -> USED_BY [free-music-archive] (84)
[89/702] 'Kellee Maize' -> USED_BY [free-music-archive] (109)
[90/702] 'Lucky Dragons' -> USED_BY [free-music-archive] (91)
[91/702] 'Castello di Trokai' -> USED_BY [free-music-archive] (82)
[92/702] 'The Hathaway Family Plot' -> USED_BY [free-music-archive] (81)
[93/702] 'Pk Jazz Collective' -> USED_BY [free-music-archive] (120)
[94/702] 'ROZKOL' -> USED_BY [free-music-archive] (80)
[95/702] 'Tab & Anitek' -> USED_BY [free-music-archive] (79)
[96/702] 'theAudiologist' -> USED_BY [free-music-archive] (78)
[97/702] 'Pablo Ribot' -> USED_BY [free-music-archive] (77)
[98/702] 'Lee Maddeford' -> USED_BY [free-music-archive] (114)
[99/702] 'Samuel Corwin' -> USED_BY [free-music-archive] (76)
[100/702] 'Jad Fair' -> USED_BY [free-music-archive] (107)
[101/702] 'Just Plain Ant' -> USED_BY [free-music-archive] (75)
[102/702] 'Altered:Carbon' -> USED_BY [free-music-archive] (75)
[103/702] 'Glove Compartment' -> USED_BY [free-music-archive] (74)
[104/702] 'Gorowski' -> USED_BY [free-music-archive] (74)
[105/702] 'Krowne' -> USED_BY [free-music-archive] (75)
[106/702] 'Stealing Orchestra' -> USED_BY [free-music-archive] (74)
[107/702] 'SPCZ' -> USED_BY [free-music-archive] (74)
[108/702] 'Project 5am' -> USED_BY [free-music-archive] (73)
[109/702] 'Mitoma' -> USED_BY [free-music-archive] (73)
[110/702] 'Bruce Miller' -> USED_BY [free-music-archive] (73)
[111/702] 'Asthmatic Astronaut' -> USED_BY [free-music-archive] (73)
[112/702] 'The Kyoto Connection' -> USED_BY [free-music-archive] (73)
[113/702] '-ono-' -> USED_BY [free-music-archive] (72)
[114/702] 'Vulvinia & Jambonstar' -> USED_BY [free-music-archive] (71)
[115/702] 'Blah Blah Blah' -> USED_BY [free-music-archive] (72)
[116/702] 'Bacalao' -> USED_BY [free-music-archive] (71)
[117/702] 'The Honorable Sleaze' -> USED_BY [free-music-archive] (79)
[118/702] 'MIT Concert Choir' -> USED_BY [free-music-archive] (71)
[119/702] 'Ryan Little' -> USED_BY [free-music-archive] (215)
[120/702] 'Benji Cossa' -> USED_BY [free-music-archive] (70)
[121/702] 'Ventolyn & Becotyde' -> USED_BY [free-music-archive] (70)
[122/702] 'Bomis Prendin' -> USED_BY [free-music-archive] (70)
[123/702] 'Krestovsky' -> USED_BY [free-music-archive] (69)
[124/702] 'David Rovics' -> USED_BY [free-music-archive] (243)
[125/702] 'Long Hair' -> USED_BY [free-music-archive] (69)
[126/702] 'Vate' -> USED_BY [free-music-archive] (68)
[127/702] 'Chenard Walcker' -> USED_BY [free-music-archive] (68)
[128/702] 'Jon Rose' -> USED_BY [free-music-archive] (68)
[129/702] 'Kathleen Martin' -> USED_BY [free-music-archive] (67)
[130/702] 'Vernon LeNoir' -> USED_BY [free-music-archive] (107)
[131/702] 'VYVCH' -> USED_BY [free-music-archive] (67)
[132/702] 'Broke For Free' -> USED_BY [free-music-archive] (138)
[133/702] 'The Superfools' -> USED_BY [free-music-archive] (67)
[134/702] 'Dave Depper' -> USED_BY [free-music-archive] (104)
[135/702] 'ODORBABY' -> USED_BY [free-music-archive] (67)
[136/702] 'Cagey House' -> USED_BY [free-music-archive] (66)
[137/702] 'Waylon Thornton and the Heavy Hands' -> USED_BY [free-music-archive] (66)
[138/702] 'The Tudor Consort' -> USED_BY [free-music-archive] (66)
[139/702] 'Figurative Theatre' -> USED_BY [free-music-archive] (76)
[140/702] 'Wooden Ambulance' -> USED_BY [free-music-archive] (65)
[141/702] 'Waylon Thornton' -> USED_BY [free-music-archive] (65)
[142/702] 'Music Factory' -> USED_BY [free-music-archive] (64)
[143/702] 'Berthelot' -> USED_BY [free-music-archive] (64)
[144/702] 'Cory Gray' -> USED_BY [free-music-archive] (64)
[145/702] 'half cocked' -> USED_BY [free-music-archive] (64)
[146/702] 'TALES' -> USED_BY [free-music-archive] (64)
[147/702] 'Garmisch' -> USED_BY [free-music-archive] (63)
[148/702] 'Wayne Kinos' -> USED_BY [free-music-archive] (63)
[149/702] 'S.J. Mellia' -> USED_BY [free-music-archive] (77)
[150/702] 'Apache Tomcat' -> USED_BY [free-music-archive] (62)
[151/702] 'Free Matter for the Blind' -> USED_BY [free-music-archive] (65)
[152/702] 'Sam Gas Can' -> USED_BY [free-music-archive] (62)
[153/702] 'Mild Maynyrd' -> USED_BY [free-music-archive] (62)
[154/702] 'Jason Shaw' -> USED_BY [free-music-archive] (62)
[155/702] 'Volcano the Bear' -> USED_BY [free-music-archive] (65)
[156/702] 'Fields Ohio' -> USED_BY [free-music-archive] (72)
[157/702] 'Westy Reflector' -> USED_BY [free-music-archive] (61)
[158/702] 'P C III' -> USED_BY [free-music-archive] (65)
[159/702] 'Deadly Combo' -> USED_BY [free-music-archive] (60)
[160/702] 'D3Zs' -> USED_BY [free-music-archive] (60)
[161/702] 'Andrew Howes' -> USED_BY [free-music-archive] (60)
[162/702] 'OWL BRAIN ATLAS' -> USED_BY [free-music-archive] (60)
[163/702] 'BADLUCK' -> USED_BY [free-music-archive] (60)
[164/702] 'Vir Nocturna' -> USED_BY [free-music-archive] (60)
[165/702] 'Celesteville' -> USED_BY [free-music-archive] (60)
[166/702] 'Hazardous Guadalupe' -> USED_BY [free-music-archive] (59)
[167/702] 'minusbaby' -> USED_BY [free-music-archive] (59)
[168/702] 'Candlegravity' -> USED_BY [free-music-archive] (59)
[169/702] 'Dyman' -> USED_BY [free-music-archive] (59)
[170/702] 'Noise Problems Selections' -> USED_BY [free-music-archive] (59)
[171/702] 'Toussaint Morrison' -> USED_BY [free-music-archive] (69)
[172/702] 'HighWay17' -> USED_BY [free-music-archive] (59)
[173/702] 'The Hate Noise' -> USED_BY [free-music-archive] (73)
[174/702] 'King Ghidorah!' -> USED_BY [free-music-archive] (59)
[175/702] 'The Rories' -> USED_BY [free-music-archive] (58)
[176/702] 'Ian Alex Mac' -> USED_BY [free-music-archive] (58)
[177/702] 'Electric Mirrors' -> USED_BY [free-music-archive] (58)
[178/702] 'Eaters' -> USED_BY [free-music-archive] (58)
[179/702] 'Dexter Britain' -> USED_BY [free-music-archive] (227)
[180/702] 'Sick to the Back Teeth' -> USED_BY [free-music-archive] (89)
[181/702] 'Felipe Sarro' -> USED_BY [free-music-archive] (58)
[182/702] 'Los Llamarada' -> USED_BY [free-music-archive] (57)
[183/702] 'happiness in aeroplanes' -> USED_BY [free-music-archive] (57)
[184/702] 'Alpha Hydrae' -> USED_BY [free-music-archive] (57)
[185/702] 'Little Glass Men' -> USED_BY [free-music-archive] (57)
[186/702] 'Carnivorous Birds' -> USED_BY [free-music-archive] (57)
[187/702] 'AlexandreDavidGabriel' -> USED_BY [free-music-archive] (57)
[188/702] 'Mike Morton' -> USED_BY [free-music-archive] (56)
[189/702] 'Eigenheimer' -> USED_BY [free-music-archive] (58)
[190/702] 'AG Davis' -> USED_BY [free-music-archive] (55)
[191/702] 'Komiku' -> USED_BY [free-music-archive] (55)
[192/702] 'Jimmy Penguin' -> USED_BY [free-music-archive] (55)
[193/702] 'Bouwakanja' -> USED_BY [free-music-archive] (55)
[194/702] 'Winjer3' -> USED_BY [free-music-archive] (55)
[195/702] 'Mors Ontologica' -> USED_BY [free-music-archive] (54)
[196/702] 'So Cow' -> USED_BY [free-music-archive] (54)
[197/702] 'The Shamblers' -> USED_BY [free-music-archive] (54)
[198/702] 'Volvox' -> USED_BY [free-music-archive] (54)
[199/702] 'Syndrôm' -> USED_BY [free-music-archive] (54)
[200/702] 'Jarby Mc Coy' -> USED_BY [free-music-archive] (54)
[201/702] 'Radioactive Sparrow' -> USED_BY [free-music-archive] (54)
[202/702] 'mathgrant' -> USED_BY [free-music-archive] (54)
[203/702] 'TRG Banks' -> USED_BY [free-music-archive] (54)
[204/702] 'Phil Reavis' -> USED_BY [free-music-archive] (53)
[205/702] 'Happy Elf' -> USED_BY [free-music-archive] (53)
[206/702] 'Acreil' -> USED_BY [free-music-archive] (53)
[207/702] 'James Beaudreau' -> USED_BY [free-music-archive] (53)
[208/702] 'Visager' -> USED_BY [free-music-archive] (73)
[209/702] 'Pot-C' -> USED_BY [free-music-archive] (53)
[210/702] 'Silver Process' -> USED_BY [free-music-archive] (52)
[211/702] 'Pandacetamol' -> USED_BY [free-music-archive] (52)
[212/702] 'Vladimír Hirsch' -> USED_BY [free-music-archive] (52)
[213/702] '51%' -> USED_BY [free-music-archive] (52)
[214/702] 'Misiaczek' -> USED_BY [free-music-archive] (52)
[215/702] 'Johnny Haway' -> USED_BY [free-music-archive] (52)
[216/702] 'Cooper-Moore' -> USED_BY [free-music-archive] (51)
[217/702] 'Tab (Hip Hop / Trip Hop / Reggae Artist from Roselle, USA)' -> USED_BY [free-music-archive] (87)
[218/702] 'Art of Flying' -> USED_BY [free-music-archive] (51)
[219/702] 'Sci Fi Industries' -> USED_BY [free-music-archive] (63)
[220/702] 'Ant the Symbol' -> USED_BY [free-music-archive] (125)
[221/702] 'Lately Kind of Yeah' -> USED_BY [free-music-archive] (51)
[222/702] 'The Gateless Gate' -> USED_BY [free-music-archive] (51)
[223/702] 'Konstantin Trokay' -> USED_BY [free-music-archive] (51)
[224/702] 'Gwilly Edmondez' -> USED_BY [free-music-archive] (50)
[225/702] 'Mystified' -> USED_BY [free-music-archive] (56)
[226/702] 'Pianochocolate' -> USED_BY [free-music-archive] (59)
[227/702] 'SLP' -> USED_BY [free-music-archive] (50)
[228/702] 'Unheard Music Concepts' -> USED_BY [free-music-archive] (50)
[229/702] 'Flugeldar' -> USED_BY [free-music-archive] (50)
[230/702] 'reed blue' -> USED_BY [free-music-archive] (50)
[231/702] 'Audio K' -> USED_BY [free-music-archive] (50)
[232/702] 'The Underscore Orkestra' -> USED_BY [free-music-archive] (49)
[233/702] 'Simon Panrucker' -> USED_BY [free-music-archive] (64)
[234/702] 'Decktonic' -> USED_BY [free-music-archive] (49)
[235/702] 'Fork in the Blender' -> USED_BY [free-music-archive] (49)
[236/702] 'deef' -> USED_BY [free-music-archive] (49)
[237/702] 'etc.' -> USED_BY [free-music-archive] (49)
[238/702] 'Plushgoolash' -> USED_BY [free-music-archive] (49)
[239/702] 'Pilesar' -> USED_BY [free-music-archive] (49)
[240/702] 'Attic Ted' -> USED_BY [free-music-archive] (49)
[241/702] 'Custodian of Records' -> USED_BY [free-music-archive] (48)
[242/702] 'Fierbinteanu' -> USED_BY [free-music-archive] (48)
[243/702] 'Automating' -> USED_BY [free-music-archive] (48)
[244/702] "Digi G'Alessio" -> USED_BY [free-music-archive] (49)
[245/702] 'D SMILEZ' -> USED_BY [free-music-archive] (48)
[246/702] 'Martin Rach' -> USED_BY [free-music-archive] (48)
[247/702] 'Delphine Dora' -> USED_BY [free-music-archive] (49)
[248/702] 'Chuck Bettis' -> USED_BY [free-music-archive] (47)
[249/702] 'Brunk' -> USED_BY [free-music-archive] (69)
[250/702] 'People Skills' -> USED_BY [free-music-archive] (47)
[251/702] 'SULCUS' -> USED_BY [free-music-archive] (47)
[252/702] 'Alexandre Navarro' -> USED_BY [free-music-archive] (47)
[253/702] 'GaBLé' -> USED_BY [free-music-archive] (47)
[254/702] 'Elemental Noise' -> USED_BY [free-music-archive] (47)
[255/702] 'LOWdown' -> USED_BY [free-music-archive] (47)
[256/702] 'Doctor Turtle' -> USED_BY [free-music-archive] (47)
[257/702] 'The Crypts!' -> USED_BY [free-music-archive] (47)
[258/702] 'keith helt' -> USED_BY [free-music-archive] (47)
[259/702] 'Ayla Nereo' -> USED_BY [free-music-archive] (222)
[260/702] 'Ed Askew' -> USED_BY [free-music-archive] (52)
[261/702] 'Dadalú' -> USED_BY [free-music-archive] (48)
[262/702] 'Rolemusic' -> USED_BY [free-music-archive] (46)
[263/702] 'McCloud Zicmuse' -> USED_BY [free-music-archive] (46)
[264/702] 'Amitron_7' -> USED_BY [free-music-archive] (46)
[265/702] 'No Monster Club' -> USED_BY [free-music-archive] (46)
[266/702] 'Vialka' -> USED_BY [free-music-archive] (46)
[267/702] 'Cryosyncopy' -> USED_BY [free-music-archive] (46)
[268/702] 'Jesse Spillane' -> USED_BY [free-music-archive] (46)
[269/702] 'Gumbel' -> USED_BY [free-music-archive] (46)
[270/702] 'Cave Bears' -> USED_BY [free-music-archive] (46)
[271/702] 'Mikroben Krieg' -> USED_BY [free-music-archive] (45)
[272/702] 'Wildlight' -> USED_BY [free-music-archive] (112)
[273/702] 'Prana-Bindu' -> USED_BY [free-music-archive] (51)
[274/702] 'Sergey Cheremisinov' -> USED_BY [free-music-archive] (51)
[275/702] 'Arcane Waves' -> USED_BY [free-music-archive] (45)
[276/702] 'Expwy' -> USED_BY [free-music-archive] (45)
[277/702] 'Natural Snow Buildings' -> USED_BY [free-music-archive] (92)
[278/702] 'Italian Dub Community' -> USED_BY [free-music-archive] (45)
[279/702] 'Ophir Ilzetzki' -> USED_BY [free-music-archive] (44)
[280/702] 'Filipe Guimarães' -> USED_BY [free-music-archive] (71)
[281/702] "Yale Women's Slavic Chorus" -> USED_BY [free-music-archive] (44)
[282/702] 'RoccoW' -> USED_BY [free-music-archive] (45)
[283/702] 'Jonas' -> USED_BY [free-music-archive] (45)
[284/702] 'Colin Langenus' -> USED_BY [free-music-archive] (44)
[285/702] 'Psychadelik Pedestrian' -> USED_BY [free-music-archive] (44)
[286/702] 'The Peach Tree' -> USED_BY [free-music-archive] (44)
[287/702] 'Seclorance' -> USED_BY [free-music-archive] (44)
[288/702] '6majik9' -> USED_BY [free-music-archive] (44)
[289/702] 'Nautical Almanac' -> USED_BY [free-music-archive] (43)
[290/702] 'Kraus' -> USED_BY [free-music-archive] (43)
[291/702] 'Diogenes In Hell' -> USED_BY [free-music-archive] (43)
[292/702] 'Allister Thompson' -> USED_BY [free-music-archive] (49)
[293/702] 'Pipe Choir' -> USED_BY [free-music-archive] (45)
[294/702] 'The Basic Income Earth Network' -> USED_BY [free-music-archive] (43)
[295/702] 'Nihilore' -> USED_BY [free-music-archive] (43)
[296/702] 'Fleslit' -> USED_BY [free-music-archive] (43)
[297/702] 'EAT!' -> USED_BY [free-music-archive] (42)
[298/702] 'Chamomile' -> USED_BY [free-music-archive] (42)
[299/702] 'element orchestra' -> USED_BY [free-music-archive] (42)
[300/702] 'Brian Dewan' -> USED_BY [free-music-archive] (60)
[301/702] 'Rumbus Merrylegs' -> USED_BY [free-music-archive] (42)
[302/702] 'Lame Drivers' -> USED_BY [free-music-archive] (41)
[303/702] 'Nicky Andrews' -> USED_BY [free-music-archive] (41)
[304/702] 'Goto80' -> USED_BY [free-music-archive] (62)
[305/702] 'Miquel Parera' -> USED_BY [free-music-archive] (57)
[306/702] 'The Rope River Blues Band' -> USED_BY [free-music-archive] (41)
[307/702] 'Bureaucrat & The Conspirators' -> USED_BY [free-music-archive] (41)
[308/702] 'NIGHT VIKING' -> USED_BY [free-music-archive] (42)
[309/702] 'suRRism' -> USED_BY [free-music-archive] (41)
[310/702] 'Qkcofse' -> USED_BY [free-music-archive] (41)
[311/702] 'Bad Ronald' -> USED_BY [free-music-archive] (41)
[312/702] 'Silence is Sexy' -> USED_BY [free-music-archive] (68)
[313/702] 'The Custodian of Records' -> USED_BY [free-music-archive] (41)
[314/702] 'Manuel J Grotesk' -> USED_BY [free-music-archive] (41)
[315/702] 'Floating Spirits' -> USED_BY [free-music-archive] (41)
[316/702] 'Oelek' -> USED_BY [free-music-archive] (41)
[317/702] 'Laszlo Harsanyi' -> USED_BY [free-music-archive] (41)
[318/702] 'Josh Armistead' -> USED_BY [free-music-archive] (41)
[319/702] 'Vernon Lenoir' -> USED_BY [free-music-archive] (107)
[320/702] 'MUTWAWA' -> USED_BY [free-music-archive] (40)
[321/702] 'Folk Festival Massacre' -> USED_BY [free-music-archive] (40)
[322/702] 'Mons Jacet' -> USED_BY [free-music-archive] (40)
[323/702] '4mat' -> USED_BY [free-music-archive] (40)
[324/702] 'Mastermind XS' -> USED_BY [free-music-archive] (40)
[325/702] 'e.p' -> USED_BY [free-music-archive] (40)
[326/702] '\u0441\u043c\u0435\u0440\u0442\u044c \u0432 \u043b\u0435\u0442\u043d\u044e\u044e \u043f\u043e\u043b\u043d\u043e\u0447\u044c' ERROR: 'charmap' codec can't encode characters in position 11-16: character maps to <undefined>
[327/702] 'transient' -> USED_BY [free-music-archive] (40)
[328/702] 'Undress Beton' -> USED_BY [free-music-archive] (69)
[329/702] 'Baker & Able' -> USED_BY [free-music-archive] (40)
[330/702] 'LE CHEVALIER DE RINCHY' -> USED_BY [free-music-archive] (40)
[331/702] 'Olneyville Sound System' -> USED_BY [free-music-archive] (39)
[332/702] 'Kitty Kadoogal' -> USED_BY [free-music-archive] (39)
[333/702] 'Blue Sabbath Black Fiji' -> USED_BY [free-music-archive] (39)
[334/702] 'Malaventura' -> USED_BY [free-music-archive] (39)
[335/702] 'DJ Def Chad' -> USED_BY [free-music-archive] (39)
[336/702] 'Pk jazz Collective' -> USED_BY [free-music-archive] (120)
[337/702] 'Uncle Milk' -> USED_BY [free-music-archive] (39)
[338/702] 'Jukka-Pekka Kervinen' -> USED_BY [free-music-archive] (41)
[339/702] 'Josh Spacek' -> USED_BY [free-music-archive] (39)
[340/702] 'Eaters' -> USED_BY [free-music-archive] (39)
[341/702] 'alright lover' -> USED_BY [free-music-archive] (39)
[342/702] 'Manueljgrotesque' -> USED_BY [free-music-archive] (39)
[343/702] 'State Shirt' -> USED_BY [free-music-archive] (59)
[344/702] 'Talkshow Boy' -> USED_BY [free-music-archive] (68)
[345/702] 'We Is Shore Dedicated' -> USED_BY [free-music-archive] (41)
[346/702] 'Regenerated Headpiece' -> USED_BY [free-music-archive] (39)
[347/702] 'Les Baudouins Morts' -> USED_BY [free-music-archive] (39)
[348/702] 'Dan Deacon' -> USED_BY [free-music-archive] (228)
[349/702] 'Matt Sekel' -> USED_BY [free-music-archive] (38)
[350/702] 'transient' -> USED_BY [free-music-archive] (38)
[351/702] 'Ant The Symbol' -> USED_BY [free-music-archive] (125)
[352/702] 'Janne Nummela' -> USED_BY [free-music-archive] (38)
[353/702] 'De Dubbelrieters' -> USED_BY [free-music-archive] (38)
[354/702] 'Pee-Bug' -> USED_BY [free-music-archive] (38)
[355/702] 'Remus' -> USED_BY [free-music-archive] (38)
[356/702] 'Edward Shallow' -> USED_BY [free-music-archive] (38)
[357/702] 'Lloyd Rodgers' -> USED_BY [free-music-archive] (38)
[358/702] 'lost-radio' -> USED_BY [free-music-archive] (38)
[359/702] 'Analog - Brain' -> USED_BY [free-music-archive] (38)
[360/702] 'KenLo Craqnuques' -> USED_BY [free-music-archive] (50)
[361/702] 'Jimmy Cousins' -> USED_BY [free-music-archive] (38)
[362/702] 'Hammer of Hathor' -> USED_BY [free-music-archive] (38)
[363/702] 'Jan Grünfeld' -> USED_BY [free-music-archive] (37)
[364/702] 'The Tleilaxu Music Machine' -> USED_BY [free-music-archive] (37)
[365/702] 'Roy "Chicky" Arad' -> USED_BY [free-music-archive] (37)
[366/702] 'The Kazoo Funk Orchestra' -> USED_BY [free-music-archive] (37)
[367/702] 'uiutna' -> USED_BY [free-music-archive] (38)
[368/702] 'Wurlitztraction' -> USED_BY [free-music-archive] (37)
[369/702] 'Nils Feske' -> USED_BY [free-music-archive] (37)
[370/702] 'Delta Is' -> USED_BY [free-music-archive] (37)
[371/702] 'dadala' -> USED_BY [free-music-archive] (37)
[372/702] 'Saito Koji' -> USED_BY [free-music-archive] (37)
[373/702] 'Spuntic' -> USED_BY [free-music-archive] (75)
[374/702] 'lo-fi is sci-fi' -> USED_BY [free-music-archive] (57)
[375/702] 'Jonas the Plugexpert' -> USED_BY [free-music-archive] (38)
[376/702] 'Better Psychics' -> USED_BY [free-music-archive] (37)
[377/702] 'Dyslexic Fudgicle' -> USED_BY [free-music-archive] (37)
[378/702] "D'r Sjaak" -> USED_BY [free-music-archive] (36)
[379/702] 'Just Plain Ant' -> USED_BY [free-music-archive] (125)
[380/702] 'Bird Names' -> USED_BY [free-music-archive] (36)
[381/702] 'Toxic Lipstick' -> USED_BY [free-music-archive] (58)
[382/702] 'Nic Bommarito' -> USED_BY [free-music-archive] (36)
[383/702] 'Sandro Marinoni' -> USED_BY [free-music-archive] (36)
[384/702] 'Volfoniq' -> USED_BY [free-music-archive] (36)
[385/702] 'Arrington de Dionyso' -> USED_BY [free-music-archive] (43)
[386/702] 'Velibor Nikoli\u0107' ERROR: 'charmap' codec can't encode character '\u0107' in position 25: character maps to <undefined>
[387/702] 'Tardiss' -> USED_BY [free-music-archive] (36)
[388/702] 'Kelly Latimore' -> USED_BY [free-music-archive] (36)
[389/702] 'Uton' -> USED_BY [free-music-archive] (36)
[390/702] 'Unthunk' -> USED_BY [free-music-archive] (36)
[391/702] 'Cassette Tape Bandits' -> USED_BY [free-music-archive] (36)
[392/702] 'Pinklogik' -> USED_BY [free-music-archive] (36)
[393/702] 'Sexton Ming' -> USED_BY [free-music-archive] (36)
[394/702] 'Dlay' -> USED_BY [free-music-archive] (36)
[395/702] 'M.Nomized' -> USED_BY [free-music-archive] (36)
[396/702] 'Miquel Parera & Computer' -> USED_BY [free-music-archive] (36)
[397/702] 'Yshwa' -> USED_BY [free-music-archive] (35)
[398/702] 'Shearer' -> USED_BY [free-music-archive] (35)
[399/702] 'Technology of Silence' -> USED_BY [free-music-archive] (35)
[400/702] 'Ljudske Potrebe' -> USED_BY [free-music-archive] (35)
[401/702] 'Marrach' -> USED_BY [free-music-archive] (35)
[402/702] 'Breakmaster Cylinder' -> USED_BY [free-music-archive] (41)
[403/702] 'Christoph Schindling' -> USED_BY [free-music-archive] (35)
[404/702] 'Rho' -> USED_BY [free-music-archive] (35)
[405/702] 'We Are All Alone' -> USED_BY [free-music-archive] (35)
[406/702] 'Monroeville Music Center' -> USED_BY [free-music-archive] (38)
[407/702] 'Viraeson' -> USED_BY [free-music-archive] (35)
[408/702] 'The Easton Ellises' -> USED_BY [free-music-archive] (35)
[409/702] 'et_' -> USED_BY [free-music-archive] (35)
[410/702] 'Tortue Super Sonic' -> USED_BY [free-music-archive] (35)
[411/702] 'Daniel James Dolby' -> USED_BY [free-music-archive] (35)
[412/702] 'Spencer Owen' -> USED_BY [free-music-archive] (35)
[413/702] 'AlienAqtor' -> USED_BY [free-music-archive] (35)
[414/702] 'Disorder of Rage (DxOxRx)' -> NONE
[415/702] 'Flanicx' -> USED_BY [free-music-archive] (35)
[416/702] 'Rod Brandao' ERROR: 'id'
[417/702] 'File Under Toner' -> USED_BY [free-music-archive] (35)
[418/702] 'Uton' -> USED_BY [free-music-archive] (35)
[419/702] 'Running Point' -> USED_BY [free-music-archive] (35)
[420/702] 'Mar-Tie' -> USED_BY [free-music-archive] (38)
[421/702] 'Manuel J Grotesque' -> USED_BY [free-music-archive] (44)
[422/702] 'Reigning Sound' -> USED_BY [free-music-archive] (55)
[423/702] '6th Sense' -> USED_BY [free-music-archive] (34)
[424/702] 'Downliners Sekt' -> USED_BY [free-music-archive] (34)
[425/702] 'Revolution Void' -> USED_BY [free-music-archive] (34)
[426/702] 'BitBasic' -> USED_BY [free-music-archive] (35)
[427/702] 'Eric & Magill' -> USED_BY [free-music-archive] (34)
[428/702] 'Third Mind Movement' -> USED_BY [free-music-archive] (34)
[429/702] 'Turku' -> USED_BY [free-music-archive] (34)
[430/702] 'Coin Locker Kid' -> USED_BY [free-music-archive] (60)
[431/702] 'Breatherholes' -> USED_BY [free-music-archive] (34)
[432/702] 'Dazie Mae' -> USED_BY [free-music-archive] (34)
[433/702] 'Jonah Rapino' -> USED_BY [free-music-archive] (34)
[434/702] 'Debmaster' -> USED_BY [free-music-archive] (34)
[435/702] 'Silent Strangers' -> USED_BY [free-music-archive] (34)
[436/702] 'Tom Woxom' -> USED_BY [free-music-archive] (34)
[437/702] 'Chtin Mara' -> USED_BY [free-music-archive] (34)
[438/702] 'Amil Byleckie' -> USED_BY [free-music-archive] (34)
[439/702] 'NaDa BaBa' -> USED_BY [free-music-archive] (34)
[440/702] 'Dustdevil & Crow' -> USED_BY [free-music-archive] (34)
[441/702] 'los pilotos' -> USED_BY [free-music-archive] (34)
[442/702] 'Homemade-LoFi-Psych' -> USED_BY [free-music-archive] (34)
[443/702] 'JIHEL' -> USED_BY [free-music-archive] (34)
[444/702] 'Daniel Veesey' -> USED_BY [free-music-archive] (33)
[445/702] 'The Family Simpson' -> USED_BY [free-music-archive] (33)
[446/702] 'Mincemeat or Tenspeed' -> USED_BY [free-music-archive] (33)
[447/702] 'Invaders From Sears' -> USED_BY [free-music-archive] (33)
[448/702] 'Jaap Blonk' -> USED_BY [free-music-archive] (33)
[449/702] 'Jan Strach' -> USED_BY [free-music-archive] (33)
[450/702] 'Full Load of King' -> USED_BY [free-music-archive] (33)
[451/702] 'Lata' -> USED_BY [free-music-archive] (34)
[452/702] 'Liam Stewart' -> USED_BY [free-music-archive] (33)
[453/702] 'Napred u prošlost' -> USED_BY [free-music-archive] (33)
[454/702] 'Massimo Ruberti' -> USED_BY [free-music-archive] (33)
[455/702] 'Chromix' -> USED_BY [free-music-archive] (33)
[456/702] 'Friends or Whatever' -> USED_BY [free-music-archive] (33)
[457/702] 'Entertainment for the Braindead' -> USED_BY [free-music-archive] (51)
[458/702] 'Sic Alps' -> USED_BY [free-music-archive] (52)
[459/702] 'Daniel Barbiero' -> USED_BY [free-music-archive] (39)
[460/702] 'Cherly KaCherly' -> USED_BY [free-music-archive] (32)
[461/702] 'Marco Raaphorst' -> USED_BY [free-music-archive] (32)
[462/702] 'PC-ONE' -> USED_BY [free-music-archive] (32)
[463/702] 'Violeta Päivänkakkara' -> USED_BY [free-music-archive] (32)
[464/702] 'Brice Catherin' -> USED_BY [free-music-archive] (32)
[465/702] 'The Above' -> USED_BY [free-music-archive] (32)
[466/702] '1donotuse' -> USED_BY [free-music-archive] (32)
[467/702] 'J-K' -> USED_BY [free-music-archive] (32)
[468/702] 'nisei23' -> USED_BY [free-music-archive] (32)
[469/702] 'YELLOW CHAIR' -> USED_BY [free-music-archive] (32)
[470/702] 'Sound Spread' -> USED_BY [free-music-archive] (32)
[471/702] 'Keijo' -> USED_BY [free-music-archive] (32)
[472/702] 'Bashed Nursling' -> USED_BY [free-music-archive] (32)
[473/702] 'Dissolved' -> USED_BY [free-music-archive] (32)
[474/702] 'Fiesta Animal' -> USED_BY [free-music-archive] (32)
[475/702] 'Mike Doughty' -> USED_BY [free-music-archive] (196)
[476/702] 'Beme Seed' -> USED_BY [free-music-archive] (32)
[477/702] 'Leisure-B' -> USED_BY [free-music-archive] (32)
[478/702] 'Jon Watts' -> USED_BY [free-music-archive] (32)
[479/702] 'SK' -> USED_BY [free-music-archive] (32)
[480/702] 'Razabri & Lezet' -> USED_BY [free-music-archive] (32)
[481/702] 'Trap of the Trap' -> USED_BY [free-music-archive] (32)
[482/702] 'Koen Park' -> USED_BY [free-music-archive] (32)
[483/702] 'Break The Bans' -> USED_BY [free-music-archive] (31)
[484/702] 'Retrigger' -> USED_BY [free-music-archive] (31)
[485/702] 'Vivian Girls' -> USED_BY [free-music-archive] (53)
[486/702] 'Drums Like Machine Guns' -> USED_BY [free-music-archive] (31)
[487/702] 'Garm' -> USED_BY [free-music-archive] (31)
[488/702] "It's Notherground Music!!" -> USED_BY [free-music-archive] (31)
[489/702] 'Nambavan' -> USED_BY [free-music-archive] (47)
[490/702] 'Radio Shock' -> USED_BY [free-music-archive] (31)
[491/702] 'Black Sea Hotel' -> USED_BY [free-music-archive] (31)
[492/702] 'Wehwalt' -> USED_BY [free-music-archive] (31)
[493/702] 'CKZ' -> USED_BY [free-music-archive] (31)
[494/702] 'Coldnoise' -> USED_BY [free-music-archive] (31)
[495/702] 'Los Margaritos' -> USED_BY [free-music-archive] (31)
[496/702] 'Fake Cats Project' -> USED_BY [free-music-archive] (31)
[497/702] 'Advent Chamber Orchestra' -> USED_BY [free-music-archive] (31)
[498/702] 'Orbique' -> USED_BY [free-music-archive] (31)
[499/702] 'Best Friends!' -> USED_BY [free-music-archive] (31)
[500/702] 'Ending Satellites' -> USED_BY [free-music-archive] (38)
[501/702] 'The Spectacular Fantastic' -> USED_BY [free-music-archive] (31)
[502/702] 'Voyageurs' -> USED_BY [free-music-archive] (33)
[503/702] 'Dublin Duck Dispensary' -> USED_BY [free-music-archive] (31)
[504/702] 'Ben von Wildenhaus' -> USED_BY [free-music-archive] (42)
[505/702] 'Pompey' -> USED_BY [free-music-archive] (31)
[506/702] 'Greg Atkinson' -> USED_BY [free-music-archive] (31)
[507/702] 'Fatal Injection' -> USED_BY [free-music-archive] (31)
[508/702] 'Sláinte' -> USED_BY [free-music-archive] (31)
[509/702] 'The HATE Noise and Anonymous' -> USED_BY [free-music-archive] (31)
[510/702] 'Ylmoy 8' -> USED_BY [free-music-archive] (31)
[511/702] 'Kirk Pearson and BIT' -> USED_BY [free-music-archive] (32)
[512/702] 'epsilon not' -> USED_BY [free-music-archive] (32)
[513/702] 'Richard There' -> USED_BY [free-music-archive] (30)
[514/702] 'Tracky Birthday' -> USED_BY [free-music-archive] (34)
[515/702] "Farmer's Boulevard" -> USED_BY [free-music-archive] (30)
[516/702] 'Brian Joseph Davis' -> USED_BY [free-music-archive] (30)
[517/702] 'Fat Worm of Error' -> USED_BY [free-music-archive] (30)
[518/702] 'Hayvanlar Alemi' -> USED_BY [free-music-archive] (60)
[519/702] 'Meanwhileproject.ltd' -> USED_BY [free-music-archive] (30)
[520/702] '6th Sense & Mick Boogie' -> USED_BY [free-music-archive] (30)
[521/702] 'Animals & Men' -> USED_BY [free-music-archive] (30)
[522/702] 'Frame' -> USED_BY [free-music-archive] (30)
[523/702] 'REW<<' -> USED_BY [free-music-archive] (30)
[524/702] 'Uncle Neptune' -> USED_BY [free-music-archive] (30)
[525/702] 'Stormhat' -> USED_BY [free-music-archive] (30)
[526/702] 'Cloudjumper' -> USED_BY [free-music-archive] (30)
[527/702] '4donotuse' -> USED_BY [free-music-archive] (30)
[528/702] 'M-Pex' -> USED_BY [free-music-archive] (47)
[529/702] 'Vitamin Pets' -> USED_BY [free-music-archive] (31)
[530/702] 'Russ Huddleston' -> USED_BY [free-music-archive] (30)
[531/702] 'Night Birds' -> USED_BY [free-music-archive] (51)
[532/702] 'iot' -> USED_BY [free-music-archive] (30)
[533/702] 'Paneye' -> USED_BY [free-music-archive] (30)
[534/702] 'Kimiko Ishizaka' -> USED_BY [free-music-archive] (30)
[535/702] 'PC Noise & Pedicure Records' -> USED_BY [free-music-archive] (30)
[536/702] 'Mystery Mammal' -> USED_BY [free-music-archive] (30)
[537/702] 'BVBEL' -> USED_BY [free-music-archive] (30)
[538/702] 'The Zombie Dandies' -> USED_BY [free-music-archive] (30)
[539/702] 'Black Ant' -> USED_BY [free-music-archive] (34)
[540/702] 'Bacalao' -> USED_BY [free-music-archive] (30)
[541/702] 'Zoo' -> USED_BY [free-music-archive] (29)
[542/702] 'Gogofski' -> USED_BY [free-music-archive] (29)
[543/702] '\u0427\u043e\u043a\u043d\u0443\u0442\u044b\u0439 \u041f\u0440\u043e\u043f\u0435\u043b\u043b\u0435\u0440' ERROR: 'charmap' codec can't encode characters in position 11-18: character maps to <undefined>
[544/702] 'Trokai' -> USED_BY [free-music-archive] (29)
[545/702] 'Daily Khaos delivery' -> USED_BY [free-music-archive] (29)
[546/702] "Ak'chamel" -> USED_BY [free-music-archive] (40)
[547/702] 'Gurdonark' -> USED_BY [free-music-archive] (30)
[548/702] 'Adam Selzer' -> USED_BY [free-music-archive] (29)
[549/702] 'DJ Harrison' -> USED_BY [free-music-archive] (73)
[550/702] 'SANMI' -> USED_BY [free-music-archive] (29)
[551/702] 'Blanche Blanche Blanche' -> USED_BY [free-music-archive] (38)
[552/702] 'BoxCat Games' -> USED_BY [free-music-archive] (29)
[553/702] 'Kingstux' -> USED_BY [free-music-archive] (29)
[554/702] 'Spectral Mystics' -> USED_BY [free-music-archive] (29)
[555/702] 'William Hellfire' -> USED_BY [free-music-archive] (29)
[556/702] 'Jeff Eliassen' -> USED_BY [free-music-archive] (29)
[557/702] 'ps' -> USED_BY [free-music-archive] (29)
[558/702] 'Das Kabinett' -> USED_BY [free-music-archive] (29)
[559/702] 'Mise' -> USED_BY [free-music-archive] (29)
[560/702] 'Humanfobia' -> USED_BY [free-music-archive] (49)
[561/702] '¡para!helion' -> USED_BY [free-music-archive] (29)
[562/702] 'Spinnaface' -> USED_BY [free-music-archive] (29)
[563/702] 'Bullroarer' -> USED_BY [free-music-archive] (29)
[564/702] 'Undress Béton' -> USED_BY [free-music-archive] (69)
[565/702] 'Trance And The Arcade' -> USED_BY [free-music-archive] (29)
[566/702] 'Launay' -> USED_BY [free-music-archive] (29)
[567/702] 'Spitfire Parade' -> USED_BY [free-music-archive] (29)
[568/702] 'Argumentix' -> USED_BY [free-music-archive] (28)
[569/702] 'Brother JT' -> USED_BY [free-music-archive] (28)
[570/702] 'Gen Ken Montgomery' -> USED_BY [free-music-archive] (28)
[571/702] 'Sagan' -> USED_BY [free-music-archive] (28)
[572/702] 'Rotor Perdition' -> USED_BY [free-music-archive] (28)
[573/702] 'dj smallcock' -> USED_BY [free-music-archive] (31)
[574/702] 'Bermuda Triangles' -> USED_BY [free-music-archive] (28)
[575/702] 'Crab Smasher' -> USED_BY [free-music-archive] (28)
[576/702] '-' -> USED_BY [free-music-archive] (28)
[577/702] 'The Freak Fandango Orchestra' -> USED_BY [free-music-archive] (28)
[578/702] 'reid karris' -> USED_BY [free-music-archive] (28)
[579/702] 'Jack Hertz' -> USED_BY [free-music-archive] (28)
[580/702] 'Audiobinger' -> USED_BY [free-music-archive] (28)
[581/702] 'Slackwaves' -> USED_BY [free-music-archive] (28)
[582/702] 'Senyawa' -> USED_BY [free-music-archive] (47)
[583/702] 'Small Colin' -> USED_BY [free-music-archive] (28)
[584/702] 'Paul and the Stretch' -> USED_BY [free-music-archive] (28)
[585/702] 'Nheap' -> USED_BY [free-music-archive] (28)
[586/702] 'Rubber O Cement And James Twig Harper' -> USED_BY [free-music-archive] (28)
[587/702] 'springtide' -> USED_BY [free-music-archive] (28)
[588/702] 'Maxim Kornyshev' -> USED_BY [free-music-archive] (28)
[589/702] 'Gardenella' -> USED_BY [free-music-archive] (28)
[590/702] 'Noidboy' -> USED_BY [free-music-archive] (28)
[591/702] 'T3r4t0m4' -> USED_BY [free-music-archive] (28)
[592/702] 'Neuroleptic Trio' -> USED_BY [free-music-archive] (28)
[593/702] 'Min-Y-Llan' -> USED_BY [free-music-archive] (29)
[594/702] 'Pierlo' -> USED_BY [free-music-archive] (28)
[595/702] 'Mr. Bitterness And The Guilty Pleasures' -> USED_BY [free-music-archive] (32)
[596/702] 'Quint Baker' -> USED_BY [free-music-archive] (28)
[597/702] 'Billy Murray' -> USED_BY [free-music-archive] (201)
[598/702] 'Hank IV' -> USED_BY [free-music-archive] (27)
[599/702] 'Bob Ostertag' -> USED_BY [free-music-archive] (29)
[600/702] 'Arrington de Dionyso' -> USED_BY [free-music-archive] (27)
[601/702] 'The Rabbits' -> USED_BY [free-music-archive] (27)
[602/702] 'Angels in America' -> USED_BY [free-music-archive] (39)
[603/702] 'Big City Orchestra' -> USED_BY [free-music-archive] (27)
[604/702] 'Crash Normal' -> USED_BY [free-music-archive] (36)
[605/702] 'Ultrabunny' -> USED_BY [free-music-archive] (27)
[606/702] 'INFECTICIDE' -> USED_BY [free-music-archive] (31)
[607/702] 'Roulet' -> USED_BY [free-music-archive] (28)
[608/702] 'Lucas Perný & Miloslav Kollar' -> USED_BY [free-music-archive] (27)
[609/702] 'Anton Mobin' -> USED_BY [free-music-archive] (27)
[610/702] 'David Mumford' -> USED_BY [free-music-archive] (27)
[611/702] 'Clorofila Azul' -> USED_BY [free-music-archive] (27)
[612/702] 'Azevedo Silva' -> USED_BY [free-music-archive] (27)
[613/702] 'Robo' -> USED_BY [free-music-archive] (27)
[614/702] 'EARTH-ENEMY' -> USED_BY [free-music-archive] (27)
[615/702] 'Chuzausen' -> USED_BY [free-music-archive] (36)
[616/702] 'Uniform Motion' -> USED_BY [free-music-archive] (47)
[617/702] 'Stephan Siebert' -> USED_BY [free-music-archive] (27)
[618/702] 'The Joy Drops' -> USED_BY [free-music-archive] (27)
[619/702] 'Gabriel Pereira Spurr' -> USED_BY [free-music-archive] (27)
[620/702] 'Jeremy Gluck' -> USED_BY [free-music-archive] (28)
[621/702] 'Achievements' -> USED_BY [free-music-archive] (27)
[622/702] 'Simon Waldram' -> USED_BY [free-music-archive] (27)
[623/702] 'Rock Monsieur' -> USED_BY [free-music-archive] (27)
[624/702] 'Axial' -> USED_BY [free-music-archive] (27)
[625/702] 'Pornophonik' -> USED_BY [free-music-archive] (27)
[626/702] 'Jani Hirvonen' -> USED_BY [free-music-archive] (27)
[627/702] 'Titus 12' -> USED_BY [free-music-archive] (28)
[628/702] 'Tonstartssbandht' -> USED_BY [free-music-archive] (53)
[629/702] 'Bronhard/Going/Public' -> USED_BY [free-music-archive] (27)
[630/702] 'Ethan Persoff' -> USED_BY [free-music-archive] (26)
[631/702] 'Mink Lungs' -> USED_BY [free-music-archive] (26)
[632/702] 'Steve Wynn' -> USED_BY [free-music-archive] (81)
[633/702] 'Mondo Topless' -> USED_BY [free-music-archive] (26)
[634/702] 'Volvox' -> USED_BY [free-music-archive] (26)
[635/702] 'Nick Jaina' -> USED_BY [free-music-archive] (31)
[636/702] 'Marlo Eggplant' -> USED_BY [free-music-archive] (26)
[637/702] 'Stefano Roncarolo' -> USED_BY [free-music-archive] (26)
[638/702] 'Uncle Woody Sullender' -> USED_BY [free-music-archive] (26)
[639/702] 'Sawako' -> USED_BY [free-music-archive] (26)
[640/702] 'Andy G. Cohen' -> USED_BY [free-music-archive] (26)
[641/702] '\u010copor' ERROR: 'charmap' codec can't encode character '\u010c' in position 11: character maps to <undefined>
[642/702] 'Mark Castle' -> USED_BY [free-music-archive] (26)
[643/702] 'Lyndon Scarfe' -> USED_BY [free-music-archive] (26)
[644/702] 'Hi-Rez' -> USED_BY [free-music-archive] (295)
[645/702] 'Megatone' -> USED_BY [free-music-archive] (26)
[646/702] 'Lazer Boy' -> USED_BY [free-music-archive] (26)
[647/702] 'Pixyblink' -> USED_BY [free-music-archive] (28)
[648/702] 'How How' -> USED_BY [free-music-archive] (26)
[649/702] 'Trans Atlantic Rage/Balogh' -> USED_BY [free-music-archive] (26)
[650/702] 'A Ninja Slob Drew Me' -> USED_BY [free-music-archive] (26)
[651/702] 'Miquel Parera Jaques' -> USED_BY [free-music-archive] (26)
[652/702] 'Mršavi Pas' -> USED_BY [free-music-archive] (26)
[653/702] 'Colin L. Orchestra' -> USED_BY [free-music-archive] (26)
[654/702] 'Jan Morgenstern' -> USED_BY [free-music-archive] (26)
[655/702] 'Inside the Mind' -> USED_BY [free-music-archive] (48)
[656/702] '(morse)' -> USED_BY [free-music-archive] (26)
[657/702] 'Jeremy Macachor' -> USED_BY [free-music-archive] (26)
[658/702] 'The Valleys' -> USED_BY [free-music-archive] (26)
[659/702] 'Let Me Crazy' -> USED_BY [free-music-archive] (26)
[660/702] 'Mike Viola' -> USED_BY [free-music-archive] (56)
[661/702] 'Carly Ptak' -> USED_BY [free-music-archive] (26)
[662/702] 'pat moonchy' -> USED_BY [free-music-archive] (26)
[663/702] 'Nafta' -> USED_BY [free-music-archive] (26)
[664/702] 'Punk Rock Opera' -> USED_BY [free-music-archive] (26)
[665/702] 'Ryan Cullinane' -> USED_BY [free-music-archive] (26)
[666/702] 'J Hacha de Zola' -> USED_BY [free-music-archive] (26)
[667/702] "Dora'li" -> USED_BY [free-music-archive] (26)
[668/702] 'Tiny Creatures' -> USED_BY [free-music-archive] (26)
[669/702] 'Chapelle 59' -> USED_BY [free-music-archive] (26)
[670/702] 'Three Chain Links' -> USED_BY [free-music-archive] (26)
[671/702] 'Good Old Neon' -> USED_BY [free-music-archive] (25)
[672/702] 'Joey Ripps' -> USED_BY [free-music-archive] (25)
[673/702] 'Justice Yeldham' -> USED_BY [free-music-archive] (25)
[674/702] 'New Waver' -> USED_BY [free-music-archive] (39)
[675/702] 'Spheriot' -> USED_BY [free-music-archive] (25)
[676/702] 'Sminky' -> USED_BY [free-music-archive] (25)
[677/702] 'The Decapitated Hed' -> USED_BY [free-music-archive] (25)
[678/702] 'Kania Tieffer' -> USED_BY [free-music-archive] (25)
[679/702] 'dustmotes' -> USED_BY [free-music-archive] (32)
[680/702] 'Egg Nebula' -> USED_BY [free-music-archive] (25)
[681/702] 'Astma' -> USED_BY [free-music-archive] (25)
[682/702] 'Strong Suit' -> USED_BY [free-music-archive] (25)
[683/702] 'Cletus Got Shot' -> USED_BY [free-music-archive] (25)
[684/702] 'Nightech' -> USED_BY [free-music-archive] (25)
[685/702] 'My Own Cubic Stone' -> USED_BY [free-music-archive] (25)
[686/702] 'Shamil Elvenheim' -> USED_BY [free-music-archive] (25)
[687/702] 'Juan Antonio Nieto' -> USED_BY [free-music-archive] (25)
[688/702] 'Visciera' -> USED_BY [free-music-archive] (25)
[689/702] 'Church of When the Shit Hits the Fan' -> USED_BY [free-music-archive] (28)
[690/702] 'The Hussy' -> USED_BY [free-music-archive] (25)
[691/702] 'Assif Tsahar' -> USED_BY [free-music-archive] (25)
[692/702] 'Golden Hits' -> USED_BY [free-music-archive] (25)
[693/702] 'The Mugris' -> USED_BY [free-music-archive] (25)
[694/702] 'Mister Drey' -> USED_BY [free-music-archive] (25)
[695/702] 'Rest You Sleeping Giant' -> USED_BY [free-music-archive] (25)
[696/702] 'K\u03bf\u03ba\u03ba\u03b1\u03bb\u03b1' ERROR: 'charmap' codec can't encode characters in position 12-17: character maps to <undefined>
[697/702] 'Vicnet' -> USED_BY [free-music-archive] (25)
[698/702] 'KieLoBot' -> USED_BY [free-music-archive] (25)
[699/702] 'Mported Flows' -> USED_BY [free-music-archive] (25)
[700/702] 'Régis Turner' -> USED_BY [free-music-archive] (29)
[701/702] 'Olelé Brut' -> USED_BY [free-music-archive] (25)
[702/702] 'Mombojó' -> USED_BY [free-music-archive] (55)

Done [music]. USED_BY-flagged this run: 700.
